[1022/162343.175992:ERROR:directory_reader_posix.cc(42)] opendir /home/lorenzo/.config/Postman/Crashpad/attachments/d7ebc2d5-5ddb-4fb4-9ebd-50226915afd4: No such file or directory (2)
The disableGPU setting is set to undefined
Not disabling GPU
Main: Starting cleanup of stale files
Main: Cleanup of stale files completed
Main~createDefaultWorkingDir - Default working dir creation already attempted
1761143023920 main info "Booting Postman 10.24.26, linux-6.8.0-85-generic on x64"
1761143023922 main info "EventBus~initialize - Success"
1761143023924 main info "Proxy configuration has not been setup"
1761143023925 main info "CloudProxyManager~init - Success"
1761143023952 main info "performShellDataMigration: Migration has already been done. Bailing out"
libva error: vaGetDriverNameByIndex() failed with unknown libva error, driver_name = (null)
1761143023959 main info "UpdateHandler~init - Success"
1761143023960 main info "LeaderSelection: Initialized successfully"
1761143023961 main info "VersionDependencyService: Initialized successfully"
1761143023981 main error "LinuxAutoUpdater~cleanUp - Error in cleanup old downloads",{"errno":-13,"code":"EACCES","syscall":"rmdir","path":"/opt/Postman/Postman-1760973899246-old","name":"Error","message":"EACCES: permission denied, rmdir '/opt/Postman/Postman-1760973899246-old'","stack":"Error: EACCES: permission denied, rmdir '/opt/Postman/Postman-1760973899246-old'"}
1761143023982 main error "LinuxAutoUpdater~Cleanup - Error in initial cleanup"
1761143024002 main info "GPU detected VID 32902 DID 16032 ACTIVE true"
1761143024028 main info "shellController~init: Success"
1761143024033 main info "shellMeta~init: Success"
1761143024034 main info "partitionMigrationService: State of V7 partition:"
1761143024034 main info "partitionMigrationService: V7 partitions",[]
1761143024034 main info "partitionMigrationService~rectifyNamespaceOfScratchPadPartition: There is no partition with scratchpad namespace"
1761143024035 main info "partitionMigrationService~rectifyNamespaceOfScratchPadPartition: There is no transit partition which could have been used for scratchpad"
1761143024035 main info "partitionMigrationService~init: Success"
1761143024048 main info "partitionMigrationService~runV8PartitionsIntegrity: Two way migration~ removing the following partitions from v8",[]
1761143024055 main info "userPartitionService~getRecentV8UserPartition: recent v8 user context partition ","8fd18798-0957-43f9-91ee-d69820b27957"
1761143024055 main info "userPartitionService~_rectifyTheActivePartitionOfApplication: Setting the active partition to ","8fd18798-0957-43f9-91ee-d69820b27957"
1761143024064 main info "userPartitionService~init: Success"
1761143024080 main info "userPartitionService: State of v8 partition system:"
1761143024083 main info "shell~init~getPartitionToLoad: loading active partition"
1761143024086 main info "userPartitionService: List of partitions:",[{"partitionId":"8fd18798-0957-43f9-91ee-d69820b27957","namespace":"users","userId":"2436069","teamId":"0","lastUpdated":"2025-10-21T12:39:45.606Z"},{"partitionId":"ee02d688-7e6f-45e5-ba99-031f415a7731","namespace":"scratchPad","userId":0,"teamId":0,"isDirty":false}]
1761143024086 main info "userPartitionService: users global meta:",{}
1761143025492 main info "RuntimeIPCAgent~started: Success"
1761143026976 main info "Main~getRemoteInitPath:: "
1761143027243 main info "UpdateHandler~app-update-events - Received event",{"name":"checkForElectronVersionUpdated","namespace":"appUpdate"}
INTERCEPTOR CONNECTIVITY: Connecting to Interceptor Bridge
IPCClient ~ WindowHandler: New event is received { type: 'window-opened' }
1761143027262 main info "windowManager: First requester booted successfully."
1761143027263 main info "windowManager~restoreWindows: Restoring requester windows"
1761143027263 main info "Main~AppEvents - Received booted event for process requester.Version 10.24.27 UI Version: 10.24.27-ui-240731-0944 Desktop Platform Version: 10.24.26"
1761143027395 main info "Main~getRemoteInitPath:: "
1761143027643 main info "Main~getPlatformLaunchPerfMetrics"
IPCClient ~ WindowHandler: New event is received { type: 'maximize', windowId: 1 }
IPCClient ~ WindowHandler: New event is received { type: 'resize', windowId: 1 }
1761143032769 main info "Main - model-events~user - (user, bootstrapUser) received"
1761143032769 main info "model-events~user - bootstrapUser received"
1761143032793 main info "userPartitionService~associateTransitPartition: ",{"partitionId":"8fd18798-0957-43f9-91ee-d69820b27957","context":{"namespace":"users","userId":"2436069","teamId":"0"}}
1761143032813 main info "userPartitionService: State of v8 partition system:"
1761143032819 main info "userPartitionService: List of partitions:",[{"partitionId":"8fd18798-0957-43f9-91ee-d69820b27957","namespace":"users","userId":"2436069","teamId":"0","lastUpdated":"2025-10-22T14:23:52.792Z"},{"partitionId":"ee02d688-7e6f-45e5-ba99-031f415a7731","namespace":"scratchPad","userId":0,"teamId":0,"isDirty":false}]
1761143032819 main info "userPartitionService: users global meta:",{}
1761143032910 main info "INTERCEPTOR CONNECTIVITY: Attempting to start websocket server on port 15611"
IPCClient ~ WindowHandler: New event is received { type: 'blur', windowId: 1 }
[25784:1022/162357.394022:ERROR:gl_surface_presentation_helper.cc(260)] GetVSyncParametersIfAvailable() failed for 1 times!
[25784:1022/162402.637055:ERROR:gl_surface_presentation_helper.cc(260)] GetVSyncParametersIfAvailable() failed for 2 times!
[25784:1022/162402.643784:ERROR:gl_surface_presentation_helper.cc(260)] GetVSyncParametersIfAvailable() failed for 3 times!
IPCClient ~ WindowHandler: New event is received { type: 'focus', windowId: 1 }
IPCClient ~ WindowHandler: New event is received { type: 'blur', windowId: 1 }
IPCClient ~ WindowHandler: New event is received { type: 'focus', windowId: 1 }
IPCClient ~ WindowHandler: New event is received { type: 'blur', windowId: 1 }
IPCClient ~ WindowHandler: New event is received { type: 'focus', windowId: 1 }
IPCClient ~ WindowHandler: New event is received { type: 'blur', windowId: 1 }
IPCClient ~ WindowHandler: New event is received { type: 'focus', windowId: 1 }
IPCClient ~ WindowHandler: New event is received { type: 'unmaximize', windowId: 1 }
IPCClient ~ WindowHandler: New event is received { type: 'blur', windowId: 1 }
IPCClient ~ WindowHandler: New event is received { type: 'blur', windowId: 1 }
IPCClient ~ WindowHandler: New event is received { type: 'maximize', windowId: 1 }
IPCClient ~ WindowHandler: New event is received { type: 'focus', windowId: 1 }
IPCClient ~ WindowHandler: New event is received { type: 'unmaximize', windowId: 1 }
IPCClient ~ WindowHandler: New event is received { type: 'blur', windowId: 1 }
IPCClient ~ WindowHandler: New event is received { type: 'blur', windowId: 1 }
IPCClient ~ WindowHandler: New event is received { type: 'maximize', windowId: 1 }
IPCClient ~ WindowHandler: New event is received { type: 'focus', windowId: 1 }
IPCClient ~ WindowHandler: New event is received { type: 'unmaximize', windowId: 1 }
IPCClient ~ WindowHandler: New event is received { type: 'blur', windowId: 1 }
IPCClient ~ WindowHandler: New event is received { type: 'blur', windowId: 1 }
IPCClient ~ WindowHandler: New event is received { type: 'maximize', windowId: 1 }
IPCClient ~ WindowHandler: New event is received { type: 'focus', windowId: 1 }
IPCClient ~ WindowHandler: New event is received { type: 'unmaximize', windowId: 1 }
IPCClient ~ WindowHandler: New event is received { type: 'blur', windowId: 1 }
IPCClient ~ WindowHandler: New event is received { type: 'blur', windowId: 1 }
IPCClient ~ WindowHandler: New event is received { type: 'maximize', windowId: 1 }
IPCClient ~ WindowHandler: New event is received { type: 'focus', windowId: 1 }
IPCClient ~ WindowHandler: New event is received { type: 'unmaximize', windowId: 1 }
IPCClient ~ WindowHandler: New event is received { type: 'blur', windowId: 1 }
IPCClient ~ WindowHandler: New event is received { type: 'blur', windowId: 1 }
1761146289719 main info "WindowManager~closeHandler - Closed Window (id: 1 )"
IPCClient ~ WindowHandler: New event is received { type: 'window-closed', windowId: 1 }
TypeError: Cannot read properties of undefined (reading 'send')
    at Object.sendMessageToInterceptor (/opt/Postman/app/resources/app/services/websocketServer.js:144:10)
    at Object.requesterWindowHandler (/opt/Postman/app/resources/app/services/websocketServer.js:389:14)
    at EventEmitter.emit (node:events:539:35)
    at EventEmitter.emit (node:domain:475:12)
    at _dispatch (/opt/Postman/app/resources/app/common/_event-bus.js:256:14)
    at EventBus._publish (/opt/Postman/app/resources/app/common/_event-bus.js:207:9)
    at Object.closedHandler (/opt/Postman/app/resources/app/services/windowManager.js:1078:18)
    at BrowserWindow.emit (node:events:527:28)
    at BrowserWindow.emit (node:domain:475:12)
1761146289743 main error "Main~handleUncaughtError - Uncaught errors",{"name":"TypeError","message":"Cannot read properties of undefined (reading 'send')","stack":"TypeError: Cannot read properties of undefined (reading 'send')\n    at Object.sendMessageToInterceptor (/opt/Postman/app/resources/app/services/websocketServer.js:144:10)\n    at Object.requesterWindowHandler (/opt/Postman/app/resources/app/services/websocketServer.js:389:14)\n    at EventEmitter.emit (node:events:539:35)\n    at EventEmitter.emit (node:domain:475:12)\n    at _dispatch (/opt/Postman/app/resources/app/common/_event-bus.js:256:14)\n    at EventBus._publish (/opt/Postman/app/resources/app/common/_event-bus.js:207:9)\n    at Object.closedHandler (/opt/Postman/app/resources/app/services/windowManager.js:1078:18)\n    at BrowserWindow.emit (node:events:527:28)\n    at BrowserWindow.emit (node:domain:475:12)"}
Main~handleUncaughtError - Uncaught errors TypeError: Cannot read properties of undefined (reading 'send')
    at Object.sendMessageToInterceptor (/opt/Postman/app/resources/app/services/websocketServer.js:144:10)
    at Object.requesterWindowHandler (/opt/Postman/app/resources/app/services/websocketServer.js:389:14)
    at EventEmitter.emit (node:events:539:35)
    at EventEmitter.emit (node:domain:475:12)
    at _dispatch (/opt/Postman/app/resources/app/common/_event-bus.js:256:14)
    at EventBus._publish (/opt/Postman/app/resources/app/common/_event-bus.js:207:9)
    at Object.closedHandler (/opt/Postman/app/resources/app/services/windowManager.js:1078:18)
    at BrowserWindow.emit (node:events:527:28)
    at BrowserWindow.emit (node:domain:475:12)
The disableGPU setting is set to undefined
Not disabling GPU
Main: Starting cleanup of stale files
Main: Cleanup of stale files completed
Main~createDefaultWorkingDir - Default working dir creation already attempted
1761206666733 main info "Booting Postman 10.24.26, linux-6.8.0-85-generic on x64"
1761206666734 main info "EventBus~initialize - Success"
1761206666736 main info "Proxy configuration has not been setup"
1761206666736 main info "CloudProxyManager~init - Success"
1761206666764 main info "performShellDataMigration: Migration has already been done. Bailing out"
libva error: vaGetDriverNameByIndex() failed with unknown libva error, driver_name = (null)
1761206666771 main info "UpdateHandler~init - Success"
1761206666772 main info "LeaderSelection: Initialized successfully"
1761206666773 main info "VersionDependencyService: Initialized successfully"
1761206666793 main error "LinuxAutoUpdater~cleanUp - Error in cleanup old downloads",{"errno":-13,"code":"EACCES","syscall":"rmdir","path":"/opt/Postman/Postman-1760973899246-old","name":"Error","message":"EACCES: permission denied, rmdir '/opt/Postman/Postman-1760973899246-old'","stack":"Error: EACCES: permission denied, rmdir '/opt/Postman/Postman-1760973899246-old'"}
1761206666793 main error "LinuxAutoUpdater~Cleanup - Error in initial cleanup"
1761206666813 main info "GPU detected VID 32902 DID 16032 ACTIVE true"
1761206666843 main info "shellController~init: Success"
1761206666848 main info "shellMeta~init: Success"
1761206666848 main info "partitionMigrationService: State of V7 partition:"
1761206666848 main info "partitionMigrationService: V7 partitions",[]
1761206666849 main info "partitionMigrationService~rectifyNamespaceOfScratchPadPartition: There is no partition with scratchpad namespace"
1761206666849 main info "partitionMigrationService~rectifyNamespaceOfScratchPadPartition: There is no transit partition which could have been used for scratchpad"
1761206666849 main info "partitionMigrationService~init: Success"
1761206666862 main info "partitionMigrationService~runV8PartitionsIntegrity: Two way migration~ removing the following partitions from v8",[]
1761206666866 main info "userPartitionService~getRecentV8UserPartition: recent v8 user context partition ","8fd18798-0957-43f9-91ee-d69820b27957"
1761206666867 main info "userPartitionService~_rectifyTheActivePartitionOfApplication: Setting the active partition to ","8fd18798-0957-43f9-91ee-d69820b27957"
1761206666875 main info "userPartitionService~init: Success"
1761206666890 main info "userPartitionService: State of v8 partition system:"
1761206666893 main info "shell~init~getPartitionToLoad: loading active partition"
1761206666894 main info "userPartitionService: List of partitions:",[{"partitionId":"8fd18798-0957-43f9-91ee-d69820b27957","namespace":"users","userId":"2436069","teamId":"0","lastUpdated":"2025-10-22T14:23:52.792Z"},{"partitionId":"ee02d688-7e6f-45e5-ba99-031f415a7731","namespace":"scratchPad","userId":0,"teamId":0,"isDirty":false}]
1761206666894 main info "userPartitionService: users global meta:",{}
1761206668311 main info "RuntimeIPCAgent~started: Success"
1761206669725 main info "Main~getRemoteInitPath:: "
1761206669984 main info "UpdateHandler~app-update-events - Received event",{"name":"checkForElectronVersionUpdated","namespace":"appUpdate"}
INTERCEPTOR CONNECTIVITY: Connecting to Interceptor Bridge
IPCClient ~ WindowHandler: New event is received { type: 'window-opened' }
1761206670005 main info "windowManager: First requester booted successfully."
1761206670005 main info "windowManager~restoreWindows: Restoring requester windows"
1761206670006 main info "Main~AppEvents - Received booted event for process requester.Version 10.24.27 UI Version: 10.24.27-ui-240731-0944 Desktop Platform Version: 10.24.26"
1761206670143 main info "Main~getRemoteInitPath:: "
1761206670392 main info "Main~getPlatformLaunchPerfMetrics"
1761206675650 main info "INTERCEPTOR CONNECTIVITY: Attempting to start websocket server on port 15611"
1761206676794 main info "Main - model-events~user - (user, bootstrapUser) received"
1761206676794 main info "model-events~user - bootstrapUser received"
1761206676814 main info "userPartitionService~associateTransitPartition: ",{"partitionId":"8fd18798-0957-43f9-91ee-d69820b27957","context":{"namespace":"users","userId":"2436069","teamId":"0"}}
1761206676846 main info "userPartitionService: State of v8 partition system:"
1761206676852 main info "userPartitionService: List of partitions:",[{"partitionId":"8fd18798-0957-43f9-91ee-d69820b27957","namespace":"users","userId":"2436069","teamId":"0","lastUpdated":"2025-10-23T08:04:36.814Z"},{"partitionId":"ee02d688-7e6f-45e5-ba99-031f415a7731","namespace":"scratchPad","userId":0,"teamId":0,"isDirty":false}]
1761206676852 main info "userPartitionService: users global meta:",{}
[8112:1023/100441.744446:ERROR:gl_surface_presentation_helper.cc(260)] GetVSyncParametersIfAvailable() failed for 1 times!
[8112:1023/100441.757264:ERROR:gl_surface_presentation_helper.cc(260)] GetVSyncParametersIfAvailable() failed for 2 times!
[8112:1023/100441.758589:ERROR:gl_surface_presentation_helper.cc(260)] GetVSyncParametersIfAvailable() failed for 3 times!
1761206686955 main info "UpdateHandler~app-update-events - Received event",{"name":"updateElectron","namespace":"appUpdate","data":{"channel":"stable","version":"10.24.26","downloadVersion":"11.68.4","appId":"4654ed07-51b9-4183-b780-c48d92f81815","userAgent":"Mozilla/5.0 (X11; Linux x86_64) AppleWebKit/537.36 (KHTML, like Gecko) Postman/10.24.26 Electron/20.3.11 Safari/537.36","platform":"LINUX","arch":"64","downloadURL":"https://dl.pstmn.io/download/version/11.68.4/linux_64","updateServerDomain":"https://dl.pstmn.io/","additionalParamsString":"installationId=4654ed07-51b9-4183-b780-c48d92f81815&userId=2436069&syncEnabled=true&teamPlan=&teamId=0","userId":"2436069"}}
1761206686955 main info "LinuxUpdater~downloadUpdate - UpdateInfo received",{"channel":"stable","version":"10.24.26","downloadVersion":"11.68.4","appId":"4654ed07-51b9-4183-b780-c48d92f81815","userAgent":"Mozilla/5.0 (X11; Linux x86_64) AppleWebKit/537.36 (KHTML, like Gecko) Postman/10.24.26 Electron/20.3.11 Safari/537.36","platform":"LINUX","arch":"64","downloadURL":"https://dl.pstmn.io/download/version/11.68.4/linux_64","updateServerDomain":"https://dl.pstmn.io/","additionalParamsString":"installationId=4654ed07-51b9-4183-b780-c48d92f81815&userId=2436069&syncEnabled=true&teamPlan=&teamId=0","userId":"2436069"}
1761206686957 main error "LinuxAutoUpdater~cleanUp - Error in cleanup old downloads",{"errno":-13,"code":"EACCES","syscall":"rmdir","path":"/opt/Postman/Postman-1760973899246-old","name":"Error","message":"EACCES: permission denied, rmdir '/opt/Postman/Postman-1760973899246-old'","stack":"Error: EACCES: permission denied, rmdir '/opt/Postman/Postman-1760973899246-old'"}
1761206686958 main error "LinuxAutoUpdater~Cleanup - Error in cleanup before download"
IPCClient ~ WindowHandler: New event is received { type: 'blur', windowId: 1 }
1761206787127 main info "@postman/app-updater: error",{"errno":-13,"code":"EACCES","syscall":"open","path":"/opt/Postman/Postman-1761206686956.tar.gz","name":"Error","message":"EACCES: permission denied, open '/opt/Postman/Postman-1761206686956.tar.gz'","stack":"Error: EACCES: permission denied, open '/opt/Postman/Postman-1761206686956.tar.gz'"},{"packageName":"Postman","eID":"Postman-1761206686956","downloadURL":"https://dl.pstmn.io/download/version/11.68.4/linux_64","downloadDirectory":"/opt/Postman","downloadInfo":{"status":"DOWNLOAD_ERROR","error":{"errno":-13,"code":"EACCES","syscall":"open","path":"/opt/Postman/Postman-1761206686956.tar.gz"},"downloadDirectory":"/opt/Postman"}}
1761206787128 main info "UpdateHandler~app-update-events - Received event",{"name":"electronAppUpdateError","namespace":"appUpdate","data":{"error":{"errno":-13,"code":"EACCES","syscall":"open","path":"/opt/Postman/Postman-1761206686956.tar.gz","name":"Error","message":"EACCES: permission denied, open '/opt/Postman/Postman-1761206686956.tar.gz'","stack":"Error: EACCES: permission denied, open '/opt/Postman/Postman-1761206686956.tar.gz'"},"updateData":{"packageName":"Postman","eID":"Postman-1761206686956","downloadURL":"https://dl.pstmn.io/download/version/11.68.4/linux_64","downloadDirectory":"/opt/Postman","downloadInfo":{"status":"DOWNLOAD_ERROR","error":{"errno":-13,"code":"EACCES","syscall":"open","path":"/opt/Postman/Postman-1761206686956.tar.gz"},"downloadDirectory":"/opt/Postman"}}}}
IPCClient ~ WindowHandler: New event is received { type: 'focus', windowId: 1 }
IPCClient ~ WindowHandler: New event is received { type: 'blur', windowId: 1 }
IPCClient ~ WindowHandler: New event is received { type: 'unmaximize', windowId: 1 }
IPCClient ~ WindowHandler: New event is received { type: 'maximize', windowId: 1 }
IPCClient ~ WindowHandler: New event is received { type: 'focus', windowId: 1 }
IPCClient ~ WindowHandler: New event is received { type: 'blur', windowId: 1 }
IPCClient ~ WindowHandler: New event is received { type: 'focus', windowId: 1 }
IPCClient ~ WindowHandler: New event is received { type: 'blur', windowId: 1 }
IPCClient ~ WindowHandler: New event is received { type: 'focus', windowId: 1 }
IPCClient ~ WindowHandler: New event is received { type: 'blur', windowId: 1 }
IPCClient ~ WindowHandler: New event is received { type: 'focus', windowId: 1 }
IPCClient ~ WindowHandler: New event is received { type: 'blur', windowId: 1 }
IPCClient ~ WindowHandler: New event is received { type: 'focus', windowId: 1 }
IPCClient ~ WindowHandler: New event is received { type: 'blur', windowId: 1 }
IPCClient ~ WindowHandler: New event is received { type: 'focus', windowId: 1 }
IPCClient ~ WindowHandler: New event is received { type: 'blur', windowId: 1 }
IPCClient ~ WindowHandler: New event is received { type: 'focus', windowId: 1 }
IPCClient ~ WindowHandler: New event is received { type: 'blur', windowId: 1 }
IPCClient ~ WindowHandler: New event is received { type: 'focus', windowId: 1 }
IPCClient ~ WindowHandler: New event is received { type: 'blur', windowId: 1 }
IPCClient ~ WindowHandler: New event is received { type: 'focus', windowId: 1 }
IPCClient ~ WindowHandler: New event is received { type: 'blur', windowId: 1 }
IPCClient ~ WindowHandler: New event is received { type: 'focus', windowId: 1 }
IPCClient ~ WindowHandler: New event is received { type: 'blur', windowId: 1 }
IPCClient ~ WindowHandler: New event is received { type: 'focus', windowId: 1 }
IPCClient ~ WindowHandler: New event is received { type: 'blur', windowId: 1 }
IPCClient ~ WindowHandler: New event is received { type: 'focus', windowId: 1 }
IPCClient ~ WindowHandler: New event is received { type: 'blur', windowId: 1 }
IPCClient ~ WindowHandler: New event is received { type: 'focus', windowId: 1 }
IPCClient ~ WindowHandler: New event is received { type: 'blur', windowId: 1 }
IPCClient ~ WindowHandler: New event is received { type: 'unmaximize', windowId: 1 }
IPCClient ~ WindowHandler: New event is received { type: 'maximize', windowId: 1 }
IPCClient ~ WindowHandler: New event is received { type: 'focus', windowId: 1 }
IPCClient ~ WindowHandler: New event is received { type: 'unmaximize', windowId: 1 }
IPCClient ~ WindowHandler: New event is received { type: 'blur', windowId: 1 }
IPCClient ~ WindowHandler: New event is received { type: 'blur', windowId: 1 }
IPCClient ~ WindowHandler: New event is received { type: 'maximize', windowId: 1 }
IPCClient ~ WindowHandler: New event is received { type: 'focus', windowId: 1 }
IPCClient ~ WindowHandler: New event is received { type: 'unmaximize', windowId: 1 }
IPCClient ~ WindowHandler: New event is received { type: 'resize', windowId: 1 }
IPCClient ~ WindowHandler: New event is received { type: 'maximize', windowId: 1 }
IPCClient ~ WindowHandler: New event is received { type: 'resize', windowId: 1 }
IPCClient ~ WindowHandler: New event is received { type: 'blur', windowId: 1 }
IPCClient ~ WindowHandler: New event is received { type: 'focus', windowId: 1 }
IPCClient ~ WindowHandler: New event is received { type: 'blur', windowId: 1 }
IPCClient ~ WindowHandler: New event is received { type: 'focus', windowId: 1 }
IPCClient ~ WindowHandler: New event is received { type: 'blur', windowId: 1 }
IPCClient ~ WindowHandler: New event is received { type: 'focus', windowId: 1 }
IPCClient ~ WindowHandler: New event is received { type: 'blur', windowId: 1 }
IPCClient ~ WindowHandler: New event is received { type: 'focus', windowId: 1 }
IPCClient ~ WindowHandler: New event is received { type: 'unmaximize', windowId: 1 }
IPCClient ~ WindowHandler: New event is received { type: 'blur', windowId: 1 }
IPCClient ~ WindowHandler: New event is received { type: 'blur', windowId: 1 }
IPCClient ~ WindowHandler: New event is received { type: 'maximize', windowId: 1 }
IPCClient ~ WindowHandler: New event is received { type: 'focus', windowId: 1 }
IPCClient ~ WindowHandler: New event is received { type: 'blur', windowId: 1 }
IPCClient ~ WindowHandler: New event is received { type: 'focus', windowId: 1 }
IPCClient ~ WindowHandler: New event is received { type: 'blur', windowId: 1 }
IPCClient ~ WindowHandler: New event is received { type: 'focus', windowId: 1 }
IPCClient ~ WindowHandler: New event is received { type: 'blur', windowId: 1 }
IPCClient ~ WindowHandler: New event is received { type: 'focus', windowId: 1 }
IPCClient ~ WindowHandler: New event is received { type: 'blur', windowId: 1 }
IPCClient ~ WindowHandler: New event is received { type: 'focus', windowId: 1 }
IPCClient ~ WindowHandler: New event is received { type: 'blur', windowId: 1 }
IPCClient ~ WindowHandler: New event is received { type: 'focus', windowId: 1 }
IPCClient ~ WindowHandler: New event is received { type: 'blur', windowId: 1 }
IPCClient ~ WindowHandler: New event is received { type: 'focus', windowId: 1 }
IPCClient ~ WindowHandler: New event is received { type: 'blur', windowId: 1 }
IPCClient ~ WindowHandler: New event is received { type: 'focus', windowId: 1 }
IPCClient ~ WindowHandler: New event is received { type: 'blur', windowId: 1 }
IPCClient ~ WindowHandler: New event is received { type: 'focus', windowId: 1 }
IPCClient ~ WindowHandler: New event is received { type: 'blur', windowId: 1 }
IPCClient ~ WindowHandler: New event is received { type: 'focus', windowId: 1 }
IPCClient ~ WindowHandler: New event is received { type: 'blur', windowId: 1 }
IPCClient ~ WindowHandler: New event is received { type: 'focus', windowId: 1 }
IPCClient ~ WindowHandler: New event is received { type: 'blur', windowId: 1 }
IPCClient ~ WindowHandler: New event is received { type: 'focus', windowId: 1 }
IPCClient ~ WindowHandler: New event is received { type: 'blur', windowId: 1 }
IPCClient ~ WindowHandler: New event is received { type: 'focus', windowId: 1 }
IPCClient ~ WindowHandler: New event is received { type: 'blur', windowId: 1 }
IPCClient ~ WindowHandler: New event is received { type: 'focus', windowId: 1 }
IPCClient ~ WindowHandler: New event is received { type: 'unmaximize', windowId: 1 }
IPCClient ~ WindowHandler: New event is received { type: 'blur', windowId: 1 }
IPCClient ~ WindowHandler: New event is received { type: 'blur', windowId: 1 }
IPCClient ~ WindowHandler: New event is received { type: 'maximize', windowId: 1 }
IPCClient ~ WindowHandler: New event is received { type: 'focus', windowId: 1 }
IPCClient ~ WindowHandler: New event is received { type: 'blur', windowId: 1 }
IPCClient ~ WindowHandler: New event is received { type: 'focus', windowId: 1 }
IPCClient ~ WindowHandler: New event is received { type: 'unmaximize', windowId: 1 }
IPCClient ~ WindowHandler: New event is received { type: 'blur', windowId: 1 }
IPCClient ~ WindowHandler: New event is received { type: 'blur', windowId: 1 }
IPCClient ~ WindowHandler: New event is received { type: 'maximize', windowId: 1 }
IPCClient ~ WindowHandler: New event is received { type: 'focus', windowId: 1 }
IPCClient ~ WindowHandler: New event is received { type: 'blur', windowId: 1 }
IPCClient ~ WindowHandler: New event is received { type: 'focus', windowId: 1 }
IPCClient ~ WindowHandler: New event is received { type: 'blur', windowId: 1 }
IPCClient ~ WindowHandler: New event is received { type: 'focus', windowId: 1 }
IPCClient ~ WindowHandler: New event is received { type: 'unmaximize', windowId: 1 }
IPCClient ~ WindowHandler: New event is received { type: 'resize', windowId: 1 }
IPCClient ~ WindowHandler: New event is received { type: 'maximize', windowId: 1 }
IPCClient ~ WindowHandler: New event is received { type: 'resize', windowId: 1 }
IPCClient ~ WindowHandler: New event is received { type: 'unmaximize', windowId: 1 }
IPCClient ~ WindowHandler: New event is received { type: 'blur', windowId: 1 }
IPCClient ~ WindowHandler: New event is received { type: 'blur', windowId: 1 }
IPCClient ~ WindowHandler: New event is received { type: 'maximize', windowId: 1 }
IPCClient ~ WindowHandler: New event is received { type: 'focus', windowId: 1 }
IPCClient ~ WindowHandler: New event is received { type: 'unmaximize', windowId: 1 }
IPCClient ~ WindowHandler: New event is received { type: 'blur', windowId: 1 }
IPCClient ~ WindowHandler: New event is received { type: 'blur', windowId: 1 }
IPCClient ~ WindowHandler: New event is received { type: 'maximize', windowId: 1 }
IPCClient ~ WindowHandler: New event is received { type: 'focus', windowId: 1 }
IPCClient ~ WindowHandler: New event is received { type: 'unmaximize', windowId: 1 }
IPCClient ~ WindowHandler: New event is received { type: 'resize', windowId: 1 }
IPCClient ~ WindowHandler: New event is received { type: 'maximize', windowId: 1 }
IPCClient ~ WindowHandler: New event is received { type: 'resize', windowId: 1 }
IPCClient ~ WindowHandler: New event is received { type: 'blur', windowId: 1 }
IPCClient ~ WindowHandler: New event is received { type: 'focus', windowId: 1 }
IPCClient ~ WindowHandler: New event is received { type: 'unmaximize', windowId: 1 }
IPCClient ~ WindowHandler: New event is received { type: 'resize', windowId: 1 }
IPCClient ~ WindowHandler: New event is received { type: 'maximize', windowId: 1 }
IPCClient ~ WindowHandler: New event is received { type: 'resize', windowId: 1 }
IPCClient ~ WindowHandler: New event is received { type: 'blur', windowId: 1 }
IPCClient ~ WindowHandler: New event is received { type: 'focus', windowId: 1 }
IPCClient ~ WindowHandler: New event is received { type: 'unmaximize', windowId: 1 }
IPCClient ~ WindowHandler: New event is received { type: 'resize', windowId: 1 }
IPCClient ~ WindowHandler: New event is received { type: 'blur', windowId: 1 }
IPCClient ~ WindowHandler: New event is received { type: 'blur', windowId: 1 }
IPCClient ~ WindowHandler: New event is received { type: 'focus', windowId: 1 }
IPCClient ~ WindowHandler: New event is received { type: 'blur', windowId: 1 }
IPCClient ~ WindowHandler: New event is received { type: 'focus', windowId: 1 }
IPCClient ~ WindowHandler: New event is received { type: 'maximize', windowId: 1 }
IPCClient ~ WindowHandler: New event is received { type: 'resize', windowId: 1 }
IPCClient ~ WindowHandler: New event is received { type: 'blur', windowId: 1 }
IPCClient ~ WindowHandler: New event is received { type: 'focus', windowId: 1 }
IPCClient ~ WindowHandler: New event is received { type: 'blur', windowId: 1 }
IPCClient ~ WindowHandler: New event is received { type: 'focus', windowId: 1 }
IPCClient ~ WindowHandler: New event is received { type: 'blur', windowId: 1 }
1761233488529 main info "Quitting app"
[8079:1023/173128.546599:ERROR:network_service_instance_impl.cc(461)] Network service crashed, restarting service.
[8079:1023/173128.554830:ERROR:zygote_communication_linux.cc(275)] Failed to send GetTerminationStatus message to zygote
[8079:1023/173128.557572:ERROR:gpu_process_host.cc(960)] GPU process launch failed: error_code=1002
[8079:1023/173128.558877:ERROR:gpu_process_host.cc(960)] GPU process launch failed: error_code=1002
[8079:1023/173128.559963:ERROR:gpu_process_host.cc(960)] GPU process launch failed: error_code=1002
[8079:1023/173128.561101:ERROR:gpu_process_host.cc(960)] GPU process launch failed: error_code=1002
[8079:1023/173128.562429:ERROR:gpu_process_host.cc(960)] GPU process launch failed: error_code=1002
[8079:1023/173128.563556:ERROR:gpu_process_host.cc(960)] GPU process launch failed: error_code=1002
[8079:1023/173128.566117:ERROR:gpu_process_host.cc(960)] GPU process launch failed: error_code=1002
[8079:1023/173128.567529:ERROR:gpu_process_host.cc(960)] GPU process launch failed: error_code=1002
[8079:1023/173128.568781:ERROR:gpu_process_host.cc(960)] GPU process launch failed: error_code=1002
[8079:1023/173128.568816:FATAL:gpu_data_manager_impl_private.cc(451)] GPU process isn't usable. Goodbye.
[1023/173128.584962:ERROR:elf_dynamic_array_reader.h(64)] tag not found
Illegal instruction (core dumped)
